[2025-05-28 23:44:40] INFO: ⛔ Dropping existing tables...
[2025-05-28 23:44:40] ERROR: ❌ Setup error: Unknown database 'finalproject'
[2025-05-28 23:49:57] INFO: ⛔ Dropping existing tables...
[2025-05-28 23:53:07] INFO: ⛔ Dropping existing tables...
[2025-05-28 23:53:07] INFO: 🛠️ Creating tables...
[2025-05-28 23:53:07] ERROR: ❌ Setup error: Failed to open the referenced table 'courses'
[2025-05-29 00:06:42] INFO: ⛔ Dropping existing tables...
[2025-05-29 00:06:42] INFO: 🛠️ Creating tables...
[2025-05-29 00:06:42] ERROR: ❌ Setup error: Table 'classes' already exists
[2025-05-29 00:09:32] INFO: ⛔ Dropping existing tables...
[2025-05-29 00:09:32] INFO: 🛠️ Creating tables...
[2025-05-29 00:09:32] ERROR: ❌ Setup error: Failed to open the referenced table 'courses'
[2025-05-29 00:10:47] INFO: ⛔ Dropping existing tables...
[2025-05-29 00:10:47] INFO: 🛠️ Creating tables...
[2025-05-29 00:10:47] ERROR: ❌ Setup error: Failed to open the referenced table 'courses'
[2025-05-29 00:12:01] INFO: ⛔ Dropping existing tables...
[2025-05-29 00:12:01] INFO: 🛠️ Creating tables...
[2025-05-29 00:12:01] INFO: ✅ Inserting data...
[2025-05-29 00:12:01] ERROR: ❌ Setup error: db.classes is not iterable
[2025-05-29 00:13:11] INFO: ⛔ Dropping existing tables...
[2025-05-29 00:13:11] INFO: 🛠️ Creating tables...
[2025-05-29 00:13:11] INFO: ✅ Inserting data...
[2025-05-29 00:13:11] ERROR: ❌ Setup error: db.courses is not iterable
[2025-05-29 00:15:40] INFO: ⛔ Dropping existing tables...
[2025-05-29 00:15:41] INFO: 🛠️ Creating tables...
[2025-05-29 00:15:41] INFO: ✅ Inserting data...
[2025-05-29 00:15:41] ERROR: ❌ Setup error: db.classes is not iterable
[2025-05-29 00:17:27] INFO: ⛔ Dropping existing tables...
[2025-05-29 00:17:27] INFO: 🛠️ Creating tables...
[2025-05-29 00:17:27] INFO: ✅ Inserting data...
[2025-05-29 00:17:27] ERROR: ❌ Setup error: db.classes is not iterable
[2025-05-29 00:24:14] INFO: ⛔ Dropping existing tables...
[2025-05-29 00:24:14] INFO: 🛠️ Creating tables...
[2025-05-29 00:24:14] INFO: ✅ Inserting data...
[2025-05-29 00:24:14] ERROR: ❌ Setup error: db.classes is not iterable
[2025-05-29 00:25:08] INFO: ⛔ Dropping existing tables...
[2025-05-29 00:25:08] INFO: 🛠️ Creating tables...
[2025-05-29 00:25:08] INFO: ✅ Inserting data...
[2025-05-29 00:25:08] ERROR: ❌ Setup error: db.classes is not iterable
[2025-06-03 14:02:41] INFO: ⛔ Dropping existing tables...
[2025-06-03 14:02:41] INFO: 🛠️ Creating tables...
[2025-06-03 14:02:42] INFO: ✅ Inserting data...
[2025-06-03 14:02:42] ERROR: ❌ Setup error: db.classes is not iterable
[2025-06-03 14:10:31] INFO: ⛔ Dropping existing tables...
[2025-06-03 14:10:31] INFO: 🛠️ Creating tables...
[2025-06-03 14:10:31] INFO: ✅ Inserting data...
[2025-06-03 14:10:31] ERROR: ❌ Error inserting classes: db.classes is not iterable
[2025-06-03 14:10:31] ERROR: ❌ Setup error: Unknown column 'joined_at' in 'field list'
[2025-06-03 14:20:50] INFO: ⛔ Dropping existing tables...
[2025-06-03 14:20:50] INFO: 🛠️ Creating tables...
[2025-06-03 14:20:50] INFO: ✅ Inserting data...
[2025-06-03 14:20:50] ERROR: ❌ Error inserting classes: db.classes is not iterable
[2025-06-03 14:20:50] ERROR: ❌ Setup error: Unknown column 'joined_at' in 'field list'
[2025-06-03 14:22:24] INFO: ⛔ Dropping existing tables...
[2025-06-03 14:22:24] INFO: 🛠️ Creating tables...
[2025-06-03 14:22:24] INFO: ✅ Inserting data...
[2025-06-03 14:22:24] ERROR: ❌ Error inserting classes: db.classes is not iterable
[2025-06-03 14:22:24] ERROR: ❌ Setup error: Unknown column 'joined_at' in 'field list'
[2025-06-03 14:26:16] INFO: ⛔ Dropping existing tables...
[2025-06-03 14:26:16] INFO: 🛠️ Creating tables...
[2025-06-03 14:26:17] INFO: ✅ Inserting data...
[2025-06-03 14:26:17] ERROR: ❌ Error inserting classes: db.classes is not iterable
[2025-06-03 14:26:17] ERROR: ❌ Setup error: Unknown column 'joined_at' in 'field list'
[2025-06-03 14:26:59] INFO: ⛔ Dropping existing tables...
[2025-06-03 14:26:59] INFO: 🛠️ Creating tables...
[2025-06-03 14:26:59] INFO: ✅ Inserting data...
[2025-06-03 14:26:59] ERROR: ❌ Error inserting classes: db.classes is not iterable
[2025-06-03 14:26:59] ERROR: ❌ Setup error: Unknown column 'joined_at' in 'field list'
[2025-06-03 14:29:18] INFO: ⛔ Dropping existing tables...
[2025-06-03 14:29:18] INFO: 🛠️ Creating tables...
[2025-06-03 14:29:19] INFO: ✅ Inserting data...
[2025-06-03 14:29:19] ERROR: ❌ Setup error: Unknown column 'joined_at' in 'field list'
[2025-06-03 14:31:55] INFO: ⛔ Dropping existing tables...
[2025-06-03 14:31:55] INFO: 🛠️ Creating tables...
[2025-06-03 14:31:56] INFO: ✅ Inserting data...
[2025-06-03 14:31:56] ERROR: ❌ Setup error: Incorrect datetime value: '2025-06-01T09:00:00Z' for column 'joined_at' at row 1
[2025-06-03 14:34:42] INFO: ⛔ Dropping existing tables...
[2025-06-03 14:34:42] INFO: 🛠️ Creating tables...
[2025-06-03 14:34:42] INFO: ✅ Inserting data...
[2025-06-03 14:34:42] ERROR: ❌ Setup error: You have an error in your SQL syntax; check the manual that corresponds to your MySQL server version for the right syntax to use near '?)' at line 1
[2025-06-03 14:36:16] INFO: ⛔ Dropping existing tables...
[2025-06-03 14:36:16] INFO: 🛠️ Creating tables...
[2025-06-03 14:36:16] INFO: ✅ Inserting data...
[2025-06-03 14:36:16] ERROR: ❌ Setup error: Unknown column 'completed_at' in 'field list'
[2025-06-03 15:20:42] INFO: ⛔ Dropping existing tables...
[2025-06-03 15:20:42] INFO: 🛠️ Creating tables...
[2025-06-03 15:20:42] INFO: ✅ Inserting data...
[2025-06-03 15:20:42] ERROR: ❌ Setup error: Unknown column 'completed_at' in 'field list'
[2025-06-03 15:21:50] INFO: ⛔ Dropping existing tables...
[2025-06-03 15:21:50] INFO: 🛠️ Creating tables...
[2025-06-03 15:21:50] INFO: ✅ Inserting data...
[2025-06-03 15:21:50] INFO: ✅ All data inserted successfully.
[2025-06-03 16:30:17] INFO: ⛔ Dropping existing tables...
[2025-06-03 16:30:17] INFO: 🛠️ Creating tables...
[2025-06-03 16:30:18] INFO: ✅ Inserting data...
[2025-06-03 16:30:18] INFO: ✅ All data inserted successfully.
[2025-06-03 16:37:06] INFO: ⛔ Dropping existing tables...
[2025-06-03 16:37:06] INFO: 🛠️ Creating tables...
[2025-06-03 16:37:07] INFO: ✅ Inserting data...
[2025-06-03 16:37:07] INFO: ✅ All data inserted successfully.
[2025-06-03 17:22:53] INFO: ⛔ Dropping existing tables...
[2025-06-03 17:22:53] INFO: 🛠️ Creating tables...
[2025-06-03 17:22:54] INFO: ✅ Inserting data...
[2025-06-03 17:22:54] INFO: ✅ All data inserted successfully.
[2025-06-08 02:00:19] INFO: ⛔ Dropping existing tables...
[2025-06-08 02:00:19] INFO: 🛠️ Creating tables...
[2025-06-08 02:00:19] INFO: ✅ Inserting data...
[2025-06-08 02:00:20] ERROR: ❌ Setup error: Cannot add or update a child row: a foreign key constraint fails (`finalproject`.`user_subscriptions`, CONSTRAINT `user_subscriptions_ibfk_1` FOREIGN KEY (`user_id`) REFERENCES `users` (`id`) ON DELETE CASCADE)
[2025-06-08 02:01:36] INFO: ⛔ Dropping existing tables...
[2025-06-08 02:01:36] INFO: 🛠️ Creating tables...
[2025-06-08 02:01:37] INFO: ✅ Inserting data...
[2025-06-08 02:01:37] ERROR: ❌ Setup error: Cannot add or update a child row: a foreign key constraint fails (`finalproject`.`user_subscriptions`, CONSTRAINT `user_subscriptions_ibfk_1` FOREIGN KEY (`user_id`) REFERENCES `users` (`id`) ON DELETE CASCADE)
[2025-06-08 02:03:32] INFO: ⛔ Dropping existing tables...
[2025-06-08 02:03:32] INFO: 🛠️ Creating tables...
[2025-06-08 02:03:32] INFO: ✅ Inserting data...
[2025-06-08 02:03:32] INFO: ✅ All data inserted successfully.
[2025-06-08 19:26:47] INFO: ⛔ Dropping existing tables...
[2025-06-08 19:26:47] INFO: 🛠️ Creating tables...
[2025-06-08 19:26:48] INFO: ✅ Inserting data...
[2025-06-08 19:26:48] INFO: ✅ All data inserted successfully.
[2025-06-08 20:29:14] INFO: ⛔ Dropping existing tables...
[2025-06-08 20:29:14] INFO: 🛠️ Creating tables...
[2025-06-08 20:29:15] INFO: ✅ Inserting data...
[2025-06-08 20:29:15] INFO: ✅ All data inserted successfully.
[2025-06-09 18:33:38] INFO: ⛔ Dropping existing tables...
[2025-06-09 18:33:38] INFO: 🛠️ Creating tables...
[2025-06-09 18:33:39] INFO: ✅ Inserting data...
[2025-06-09 18:33:39] INFO: ✅ All data inserted successfully.
[2025-06-09 19:10:29] INFO: ⛔ Dropping existing tables...
[2025-06-09 19:10:29] INFO: 🛠️ Creating tables...
[2025-06-09 19:10:29] INFO: ✅ Inserting data...
[2025-06-09 19:10:30] INFO: ✅ All data inserted successfully.
[2025-06-09 20:09:39] INFO: ⛔ Dropping existing tables...
[2025-06-09 20:09:40] INFO: 🛠️ Creating tables...
[2025-06-09 20:09:40] INFO: ✅ Inserting data...
[2025-06-09 20:09:40] INFO: ✅ All data inserted successfully.
[2025-06-10 12:23:17] INFO: ⛔ Dropping existing tables...
[2025-06-10 12:23:17] INFO: 🛠️ Creating tables...
[2025-06-10 12:23:18] INFO: ✅ Inserting data...
[2025-06-10 12:23:18] INFO: ✅ All data inserted successfully.
[2025-06-10 20:15:35] INFO: ⛔ Dropping existing tables...
[2025-06-10 20:15:35] INFO: 🛠️ Creating tables...
[2025-06-10 20:15:36] INFO: ✅ Inserting data...
[2025-06-10 20:15:36] INFO: ✅ All data inserted successfully.
[2025-06-12 14:52:56] INFO: ⛔ Dropping existing tables...
[2025-06-12 14:52:56] INFO: 🛠️ Creating tables...
[2025-06-12 14:52:57] INFO: ✅ Inserting data...
[2025-06-12 14:52:57] INFO: ✅ All data inserted successfully.
[2025-06-12 19:17:47] INFO: ⛔ Dropping existing tables...
[2025-06-12 19:17:47] INFO: 🛠️ Creating tables...
[2025-06-12 19:17:47] INFO: ✅ Inserting data...
[2025-06-12 19:17:48] ERROR: ❌ Setup error: Column 'user_id' cannot be null
[2025-06-12 19:24:06] INFO: ⛔ Dropping existing tables...
[2025-06-12 19:24:06] INFO: 🛠️ Creating tables...
[2025-06-12 19:24:06] INFO: ✅ Inserting data...
[2025-06-12 19:24:07] INFO: ✅ All data inserted successfully.
[2025-06-14 23:33:31] INFO: ⛔ Dropping existing tables...
[2025-06-14 23:33:31] INFO: 🛠️ Creating tables...
[2025-06-14 23:33:32] INFO: ✅ Inserting data...
[2025-06-14 23:33:32] INFO: ✅ All data inserted successfully.
[2025-06-15 14:13:28] INFO: ⛔ Dropping existing tables...
[2025-06-15 14:13:28] ERROR: ❌ Setup error: Access denied for user 'root'@'localhost' (using password: YES)
[2025-06-15 14:13:58] INFO: ⛔ Dropping existing tables...
[2025-06-15 14:13:58] INFO: 🛠️ Creating tables...
[2025-06-15 14:13:59] INFO: ✅ Inserting data...
[2025-06-15 14:13:59] INFO: ✅ All data inserted successfully.
[2025-06-15 17:39:30] INFO: ⛔ Dropping existing tables...
[2025-06-15 17:39:30] INFO: 🛠️ Creating tables...
[2025-06-15 17:39:31] INFO: ✅ Inserting data...
[2025-06-15 17:39:32] INFO: ✅ All data inserted successfully.
[2025-06-15 23:38:07] INFO: ⛔ Dropping existing tables...
[2025-06-15 23:38:08] INFO: 🛠️ Creating tables...
[2025-06-15 23:38:08] INFO: ✅ Inserting data...
[2025-06-15 23:38:09] INFO: ✅ All data inserted successfully.
[2025-06-16 00:32:07] INFO: ⛔ Dropping existing tables...
[2025-06-16 00:32:07] INFO: 🛠️ Creating tables...
[2025-06-16 00:32:08] INFO: ✅ Inserting data...
[2025-06-16 00:32:08] INFO: ✅ All data inserted successfully.
[2025-06-16 16:55:17] INFO: ⛔ Dropping existing tables...
[2025-06-16 16:55:17] ERROR: ❌ Setup error: Access denied for user 'root'@'localhost' (using password: YES)
[2025-06-16 16:55:45] INFO: ⛔ Dropping existing tables...
[2025-06-16 16:55:46] INFO: 🛠️ Creating tables...
[2025-06-16 16:55:46] INFO: ✅ Inserting data...
[2025-06-16 16:55:47] ERROR: ❌ Setup error: Duplicate entry '1' for key 'user_subscriptions.PRIMARY'
[2025-06-16 16:56:24] INFO: ⛔ Dropping existing tables...
[2025-06-16 16:56:25] INFO: 🛠️ Creating tables...
[2025-06-16 16:56:25] INFO: ✅ Inserting data...
[2025-06-16 16:56:26] INFO: ✅ All data inserted successfully.
[2025-06-16 18:18:25] INFO: ⛔ Dropping existing tables...
[2025-06-16 18:18:25] INFO: 🛠️ Creating tables...
[2025-06-16 18:18:26] INFO: ✅ Inserting data...
[2025-06-16 18:18:26] ERROR: ❌ Setup error: Duplicate entry '1-1' for key 'classes_participants.PRIMARY'
[2025-06-16 18:19:15] INFO: ⛔ Dropping existing tables...
[2025-06-16 18:19:15] INFO: 🛠️ Creating tables...
[2025-06-16 18:19:15] INFO: ✅ Inserting data...
[2025-06-16 18:19:16] ERROR: ❌ Setup error: Duplicate entry '3-4' for key 'classes_participants.PRIMARY'
[2025-06-16 18:19:30] INFO: ⛔ Dropping existing tables...
[2025-06-16 18:19:31] INFO: 🛠️ Creating tables...
[2025-06-16 18:19:31] INFO: ✅ Inserting data...
[2025-06-16 18:19:32] ERROR: ❌ Setup error: Duplicate entry '5-3' for key 'challenge_completions.PRIMARY'
[2025-06-16 18:20:08] INFO: ⛔ Dropping existing tables...
[2025-06-16 18:20:08] INFO: 🛠️ Creating tables...
[2025-06-16 18:20:09] INFO: ✅ Inserting data...
[2025-06-16 18:20:09] INFO: ✅ All data inserted successfully.
[2025-06-18 00:30:43] INFO: ⛔ Dropping existing tables...
[2025-06-18 00:30:43] INFO: 🛠️ Creating tables...
[2025-06-18 00:30:44] INFO: ✅ Inserting data...
[2025-06-18 00:30:45] INFO: ✅ All data inserted successfully.
[2025-06-22 02:52:42] INFO: ⛔ Dropping existing tables...
[2025-06-22 02:52:42] ERROR: ❌ Setup error: Access denied for user ''@'localhost' (using password: NO)
[2025-06-22 02:55:29] INFO: ⛔ Dropping existing tables...
[2025-06-22 02:55:29] ERROR: ❌ Setup error: Access denied for user ''@'localhost' (using password: YES)
[2025-06-22 02:59:16] INFO: ⛔ Dropping existing tables...
[2025-06-22 02:59:17] INFO: 🛠️ Creating tables...
[2025-06-22 02:59:17] INFO: ✅ Inserting data...
[2025-06-22 02:59:18] INFO: ✅ All data inserted successfully.
[2025-06-22 03:05:33] INFO: ⛔ Dropping existing tables...
[2025-06-22 03:05:33] ERROR: ❌ Setup error: Access denied for user ''@'localhost' (using password: NO)
[2025-06-22 03:06:34] INFO: ⛔ Dropping existing tables...
[2025-06-22 03:06:34] ERROR: ❌ Setup error: Access denied for user ''@'localhost' (using password: NO)
[2025-06-22 03:10:06] INFO: ⛔ Dropping existing tables...
[2025-06-22 03:10:07] INFO: 🛠️ Creating tables...
[2025-06-22 03:10:07] INFO: ✅ Inserting data...
[2025-06-22 03:10:08] INFO: ✅ All data inserted successfully.
[2025-06-26 03:55:50] INFO: ⛔ Dropping existing tables...
[2025-06-26 03:55:51] INFO: 🛠️ Creating tables...
[2025-06-26 03:55:51] INFO: ✅ Inserting data...
[2025-06-26 03:55:52] INFO: ✅ All data inserted successfully.
[2025-12-15 14:52:21] INFO: ⛔ Dropping existing tables...
[2025-12-15 14:52:22] INFO: 🛠️ Creating tables...
[2025-12-15 14:52:23] INFO: ✅ Inserting data...
[2025-12-15 14:52:23] INFO: ✅ All data inserted successfully.
[2025-12-15 15:44:25] INFO: ⛔ Dropping existing tables...
[2025-12-15 15:44:25] INFO: 🛠️ Creating tables...
[2025-12-15 15:44:26] INFO: ✅ Inserting data...
[2025-12-15 15:44:27] INFO: ✅ All data inserted successfully.
[2025-12-16 13:00:08] INFO: ⛔ Dropping existing tables...
[2025-12-16 13:00:08] ERROR: ❌ Setup error: Access denied for user 'root'@'localhost' (using password: YES)
[2025-12-16 13:00:28] INFO: ⛔ Dropping existing tables...
[2025-12-16 13:00:29] ERROR: ❌ Setup error: Access denied for user 'root'@'localhost' (using password: YES)
[2025-12-16 13:01:13] INFO: ⛔ Dropping existing tables...
[2025-12-16 13:01:13] INFO: 🛠️ Creating tables...
[2025-12-16 13:01:14] INFO: ✅ Inserting data...
[2025-12-16 13:01:15] INFO: ✅ All data inserted successfully.
